[20:29:19] [main/INFO] (Launcher) ModLauncher running: args [--launchTarget, forgeclientuserdev, --version, 21.0.167, --assetIndex, 1.21-17, --assetsDir, F:\.gradle\caches\fabric-loom\assets, --gameDir, ., --fml.neoForgeVersion, 21.0.167, --fml.fmlVersion, 4.0.23, --fml.mcVersion, 1.21, --fml.neoFormVersion, 20240613.152323]
[20:29:19] [main/INFO] (Launcher) JVM identified as Oracle Corporation OpenJDK 64-Bit Server VM 21.0.2+13-58
[20:29:19] [main/INFO] (Launcher) ModLauncher 11.0.4+main.d2e20e43 starting: java version 21.0.2 by Oracle Corporation; OS Windows 10 arch amd64 version 10.0
[20:29:19] [main/INFO] (ImmediateWindowHandler) ImmediateWindowProvider not loading because splash screen is disabled
[20:29:19] [main/INFO] (mixin) SpongePowered MIXIN Subsystem Version=0.8.6 Source=union:/F:/.gradle/caches/modules-2/files-2.1/net.fabricmc/sponge-mixin/0.14.0+mixin.0.8.6/c265173c84346e9e5d42a2384b2b02bd39a4a899/sponge-mixin-0.14.0+mixin.0.8.6.jar%23119!/ Service=ModLauncher Env=CLIENT
[20:29:19] [main/INFO] (ModDiscoverer) Found mod file "neoforge-21.0.167-minecraft-merged-729c71dbf9-1.21-loom.mappings.1_21.layered+hash.40359-v2-neoforge-21.0.167.jar" [locator: neoforge devenv provider ([F:\MODS\VulkanModNeoForge\.gradle\loom-cache\minecraftMaven\net\minecraft\neoforge-21.0.167-minecraft-merged-729c71dbf9\1.21-loom.mappings.1_21.layered+hash.40359-v2-neoforge-21.0.167\neoforge-21.0.167-minecraft-merged-729c71dbf9-1.21-loom.mappings.1_21.layered+hash.40359-v2-neoforge-21.0.167.jar])]
[20:29:19] [main/INFO] (ModDiscoverer) Found mod file "neoforge-21.0.167-minecraft-merged-729c71dbf9-1.21-loom.mappings.1_21.layered+hash.40359-v2-neoforge-21.0.167.jar" [locator: neoforge devenv provider ([F:\MODS\VulkanModNeoForge\.gradle\loom-cache\minecraftMaven\net\minecraft\neoforge-21.0.167-minecraft-merged-729c71dbf9\1.21-loom.mappings.1_21.layered+hash.40359-v2-neoforge-21.0.167\neoforge-21.0.167-minecraft-merged-729c71dbf9-1.21-loom.mappings.1_21.layered+hash.40359-v2-neoforge-21.0.167.jar])]
[20:29:19] [main/INFO] (ModDiscoverer) Found mod file "lwjgl-shaderc-3.3.3-natives-windows.jar" [locator: cn.ksmcbrigade.vulkan_core.services.VulkanModDiscover@138fe6ec, reader: mod manifest]
[20:29:20] [main/INFO] (ModDiscoverer) Found mod file "lwjgl-shaderc-3.3.3.jar" [locator: cn.ksmcbrigade.vulkan_core.services.VulkanModDiscover@138fe6ec, reader: mod manifest]
[20:29:20] [main/INFO] (ModDiscoverer) Found mod file "lwjgl-vma-3.3.3-natives-windows.jar" [locator: cn.ksmcbrigade.vulkan_core.services.VulkanModDiscover@138fe6ec, reader: mod manifest]
[20:29:20] [main/INFO] (ModDiscoverer) Found mod file "lwjgl-vma-3.3.3.jar" [locator: cn.ksmcbrigade.vulkan_core.services.VulkanModDiscover@138fe6ec, reader: mod manifest]
[20:29:20] [main/INFO] (ModDiscoverer) Found mod file "lwjgl-vulkan-3.3.3.jar" [locator: cn.ksmcbrigade.vulkan_core.services.VulkanModDiscover@138fe6ec, reader: mod manifest]
[20:29:20] [main/INFO] (ModDiscoverer) Found mod file "main" [locator: userdev mods and services, reader: mod manifest]
[20:29:20] [main/INFO] (ModDiscoverer) Found mod file "neoforge-21.0.167-minecraft-merged-729c71dbf9-1.21-loom.mappings.1_21.layered+hash.40359-v2-neoforge-21.0.167.jar" [locator: userdev mods and services, reader: mod manifest]
[20:29:20] [main/INFO] (ModDiscoverer) Found gamelibrary file "mixinextras-neoforge-0.3.5.jar" [locator: userdev mods and services, reader: mod manifest]
[20:29:20] [main/WARN] (JarSelector) Attempted to select a dependency jar for JarJar which was passed in as source: mixinextras-neoforge-0.3.5.jar. Using Mod File: F:\.gradle\caches\modules-2\files-2.1\io.github.llamalad7\mixinextras-neoforge\0.3.5\ef3ffcf309dae656517b2f120189b1c9b21737dd\mixinextras-neoforge-0.3.5.jar
[20:29:20] [main/INFO] (JarInJarDependencyLocator) No dependencies to load found. Skipping!
[20:29:20] [main/INFO] (FMLServiceProvider) Loading coremod script-engine for [neoforge]
[20:29:21] [main/INFO] (mixin) Compatibility level set to JAVA_21
[20:29:21] [main/INFO] (LaunchServiceHandler) Launching target 'forgeclientuserdev' with arguments [--version, 21.0.167, --gameDir, ., --assetsDir, F:\.gradle\caches\fabric-loom\assets, --assetIndex, 1.21-17]
[20:29:21] [main/INFO] (unprotect) Found 8254 Minecraft classes
[189月2025 20:29:23.752] [main/INFO] [MixinExtras|Service/]: Initializing MixinExtras via com.llamalad7.mixinextras.service.MixinExtrasServiceImpl(version=0.3.5).
[189月2025 20:29:23.988] [Datafixer Bootstrap/INFO] [com.mojang.datafixers.DataFixerBuilder/]: 229 Datafixer optimizations took 250 milliseconds
[189月2025 20:29:30.140] [main/WARN] [net.minecraft.commands.Commands/]: Ambiguity between arguments [teleport, location] and [teleport, destination] with inputs: [0.1 -0.5 .9, 0 0 0]
[189月2025 20:29:30.141] [main/WARN] [net.minecraft.commands.Commands/]: Ambiguity between arguments [teleport, location] and [teleport, targets] with inputs: [0.1 -0.5 .9, 0 0 0]
[189月2025 20:29:30.144] [main/WARN] [net.minecraft.commands.Commands/]: Ambiguity between arguments [teleport, destination] and [teleport, targets] with inputs: [Player, 0123, @e, dd12be42-52a9-4a91-a8a1-11c01849e498]
[189月2025 20:29:30.146] [main/WARN] [net.minecraft.commands.Commands/]: Ambiguity between arguments [teleport, targets] and [teleport, destination] with inputs: [Player, 0123, dd12be42-52a9-4a91-a8a1-11c01849e498]
[189月2025 20:29:30.148] [main/WARN] [net.minecraft.commands.Commands/]: Ambiguity between arguments [teleport, targets, location] and [teleport, targets, destination] with inputs: [0.1 -0.5 .9, 0 0 0]
[189月2025 20:29:30.531] [Render thread/WARN] [net.minecraft.server.packs.VanillaPackResourcesBuilder/]: Assets URL 'union:/F:/MODS/VulkanModNeoForge/.gradle/loom-cache/minecraftMaven/net/minecraft/neoforge-21.0.167-minecraft-merged-729c71dbf9/1.21-loom.mappings.1_21.layered+hash.40359-v2-neoforge-21.0.167/neoforge-21.0.167-minecraft-merged-729c71dbf9-1.21-loom.mappings.1_21.layered+hash.40359-v2-neoforge-21.0.167.jar%23193!/assets/.mcassetsroot' uses unexpected schema
[189月2025 20:29:30.532] [Render thread/WARN] [net.minecraft.server.packs.VanillaPackResourcesBuilder/]: Assets URL 'union:/F:/MODS/VulkanModNeoForge/.gradle/loom-cache/minecraftMaven/net/minecraft/neoforge-21.0.167-minecraft-merged-729c71dbf9/1.21-loom.mappings.1_21.layered+hash.40359-v2-neoforge-21.0.167/neoforge-21.0.167-minecraft-merged-729c71dbf9-1.21-loom.mappings.1_21.layered+hash.40359-v2-neoforge-21.0.167.jar%23193!/data/.mcassetsroot' uses unexpected schema
[189月2025 20:29:30.556] [Render thread/INFO] [com.mojang.authlib.yggdrasil.YggdrasilAuthenticationService/]: Environment: Environment[sessionHost=https://sessionserver.mojang.com, servicesHost=https://api.minecraftservices.com, name=PROD]
[189月2025 20:29:30.578] [Render thread/INFO] [net.minecraft.client.Minecraft/]: Setting user: Dev
[189月2025 20:29:30.694] [Render thread/INFO] [net.minecraft.client.Minecraft/]: Backend library: LWJGL version 3.3.3+5
[189月2025 20:29:30.795] [Render thread/INFO] [VulkanMod/]: Selecting Platform: WIN32
[189月2025 20:29:30.795] [Render thread/INFO] [VulkanMod/]: GLFW: 3.4.0 Win32 WGL Null EGL OSMesa VisualC DLL
[189月2025 20:29:31.093] [modloading-worker-0/INFO] [VulkanMod/]: == VulkanMod ==
[189月2025 20:29:31.116] [modloading-worker-0/INFO] [net.neoforged.neoforge.common.NeoForgeMod/NEOFORGE-MOD]: NeoForge mod loading, version 21.0.167, for MC 1.21
